2026-08-01 13:41:15.105 [info] [main] Log level: Info
2026-08-01 13:41:15.105 [info] [main] Validating found git in: "git"
2026-08-01 13:41:15.105 [info] [main] Using git "2.55.0" from "git"
2026-08-01 13:41:15.105 [info] [Model][doInitialScan] Initial repository scan started
2026-08-01 13:41:15.105 [info] > git rev-parse --show-toplevel [1681ms]
2026-08-01 13:41:15.105 [info] fatal: not a git repository (or any of the parent directories): .git
2026-08-01 13:41:15.105 [info] > git rev-parse --show-toplevel [141ms]
2026-08-01 13:41:15.105 [info] fatal: not a git repository (or any of the parent directories): .git
2026-08-01 13:41:15.108 [info] > git rev-parse --show-toplevel [17ms]
2026-08-01 13:41:15.108 [info] fatal: not a git repository (or any of the parent directories): .git
2026-08-01 13:41:15.109 [info] [Model][doInitialScan] Initial repository scan completed - repositories (0), closed repositories (0), parent repositories (0), unsafe repositories (0)
2026-08-01 13:41:15.130 [info] > git rev-parse --show-toplevel [6ms]
2026-08-01 13:41:15.130 [info] fatal: not a git repository (or any of the parent directories): .git
2026-08-01 13:41:16.754 [info] > git rev-parse --show-toplevel [19ms]
2026-08-01 13:41:16.754 [info] fatal: not a git repository (or any of the parent directories): .git
2026-08-01 13:41:16.758 [info] > git rev-parse --show-toplevel [6ms]
2026-08-01 13:41:16.758 [info] fatal: not a git repository (or any of the parent directories): .git
2026-08-01 13:42:45.210 [info] > git rev-parse --show-toplevel [8ms]
2026-08-01 13:42:45.210 [info] fatal: not a git repository (or any of the parent directories): .git
2026-08-01 13:42:58.915 [info] > git rev-parse --show-toplevel [3ms]
2026-08-01 13:42:58.915 [info] fatal: not a git repository (or any of the parent directories): .git
2026-08-01 13:43:35.619 [info] > git rev-parse --show-toplevel [9ms]
2026-08-01 13:43:35.619 [info] fatal: not a git repository (or any of the parent directories): .git
2026-08-01 13:44:14.763 [info] > git rev-parse --show-toplevel [2ms]
2026-08-01 13:44:14.763 [info] fatal: not a git repository (or any of the parent directories): .git
2026-08-01 13:44:18.519 [info] > git rev-parse --show-toplevel [3ms]
2026-08-01 13:44:18.519 [info] fatal: not a git repository (or any of the parent directories): .git
2026-08-01 13:44:28.857 [info] > git rev-parse --show-toplevel [4ms]
2026-08-01 13:44:28.857 [info] fatal: not a git repository (or any of the parent directories): .git
2026-08-01 13:44:57.223 [info] > git rev-parse --show-toplevel [6ms]
2026-08-01 13:44:57.223 [info] fatal: not a git repository (or any of the parent directories): .git
2026-08-01 13:45:18.983 [info] > git rev-parse --show-toplevel [10ms]
2026-08-01 13:45:18.984 [info] fatal: not a git repository (or any of the parent directories): .git
2026-08-01 13:45:25.083 [info] > git rev-parse --show-toplevel [3ms]
2026-08-01 13:45:25.083 [info] fatal: not a git repository (or any of the parent directories): .git
2026-08-01 13:45:35.609 [info] > git rev-parse --show-toplevel [11ms]
2026-08-01 13:45:35.609 [info] fatal: not a git repository (or any of the parent directories): .git
2026-08-01 13:45:58.424 [info] > git rev-parse --show-toplevel [5ms]
2026-08-01 13:45:58.425 [info] fatal: not a git repository (or any of the parent directories): .git
2026-08-01 13:46:02.014 [info] > git rev-parse --show-toplevel [2ms]
2026-08-01 13:46:02.014 [info] fatal: not a git repository (or any of the parent directories): .git
2026-08-01 13:46:07.748 [info] > git rev-parse --show-toplevel [1ms]
2026-08-01 13:46:07.748 [info] fatal: not a git repository (or any of the parent directories): .git
2026-08-01 13:46:12.522 [info] > git rev-parse --show-toplevel [3ms]
2026-08-01 13:46:12.522 [info] fatal: not a git repository (or any of the parent directories): .git
2026-08-01 13:46:26.730 [info] > git rev-parse --show-toplevel [19ms]
2026-08-01 13:46:26.731 [info] fatal: not a git repository (or any of the parent directories): .git
2026-08-01 13:46:27.486 [info] > git rev-parse --show-toplevel [6ms]
2026-08-01 13:46:27.486 [info] fatal: not a git repository (or any of the parent directories): .git
2026-08-01 13:46:54.744 [info] > git rev-parse --show-toplevel [15ms]
2026-08-01 13:46:54.745 [info] fatal: not a git repository (or any of the parent directories): .git
2026-08-01 13:46:59.940 [info] > git rev-parse --show-toplevel [5ms]
2026-08-01 13:46:59.940 [info] fatal: not a git repository (or any of the parent directories): .git
