2026-08-01 13:39:43.722 [info] Reading sessions from keychain...
2026-08-01 13:39:43.722 [info] Getting sessions for all scopes...
2026-08-01 13:39:43.722 [info] Got stored sessions!
2026-08-01 13:39:43.722 [info] Got 1 verified sessions.
2026-08-01 13:39:43.722 [info] Got 1 sessions for ...
2026-08-01 13:39:43.722 [info] Getting sessions for all scopes...
2026-08-01 13:39:43.722 [info] Got 1 sessions for ...
2026-08-01 13:39:43.723 [info] Getting sessions for all scopes...
2026-08-01 13:39:43.723 [info] Got 1 sessions for ...
2026-08-01 13:39:43.733 [info] Getting sessions for all scopes...
2026-08-01 13:39:43.733 [info] Got 1 sessions for ...
2026-08-01 13:39:44.337 [info] Getting sessions for all scopes...
2026-08-01 13:39:44.337 [info] Got 1 sessions for ...
2026-08-01 13:39:45.676 [info] Getting sessions for all scopes...
2026-08-01 13:39:45.676 [info] Got 1 sessions for ...
2026-08-01 13:39:45.890 [info] Getting sessions for all scopes...
2026-08-01 13:39:45.890 [info] Got 1 sessions for ...
2026-08-01 13:39:45.976 [info] Getting sessions for all scopes...
2026-08-01 13:39:45.976 [info] Got 1 sessions for ...
2026-08-01 13:41:14.585 [info] Getting sessions for all scopes...
2026-08-01 13:41:14.585 [info] Got 1 sessions for ...
2026-08-01 13:41:14.966 [info] Getting sessions for all scopes...
2026-08-01 13:41:14.966 [info] Got 1 sessions for ...
2026-08-01 13:41:14.966 [info] Getting sessions for all scopes...
2026-08-01 13:41:14.966 [info] Got 1 sessions for ...
2026-08-01 13:41:15.026 [info] Getting sessions for all scopes...
2026-08-01 13:41:15.026 [info] Got 1 sessions for ...
2026-08-01 13:41:15.093 [info] Getting sessions for read:user,repo,user:email,workflow...
2026-08-01 13:41:15.093 [info] Got 1 sessions for read:user,repo,user:email,workflow...
2026-08-01 13:41:15.135 [info] Getting sessions for all scopes...
2026-08-01 13:41:15.135 [info] Got 1 sessions for ...
2026-08-01 13:41:15.144 [info] Getting sessions for read:user,repo,user:email,workflow...
2026-08-01 13:41:15.144 [info] Got 1 sessions for read:user,repo,user:email,workflow...
2026-08-01 13:41:16.262 [info] Getting sessions for all scopes...
2026-08-01 13:41:16.263 [info] Got 1 sessions for ...
2026-08-01 13:41:16.263 [info] Getting sessions for all scopes...
2026-08-01 13:41:16.263 [info] Got 1 sessions for ...
2026-08-01 13:41:16.264 [info] Getting sessions for all scopes...
2026-08-01 13:41:16.264 [info] Got 1 sessions for ...
2026-08-01 13:41:16.266 [info] Getting sessions for all scopes...
2026-08-01 13:41:16.266 [info] Got 1 sessions for ...
2026-08-01 13:41:16.287 [info] Getting sessions for all scopes...
2026-08-01 13:41:16.288 [info] Got 1 sessions for ...
2026-08-01 13:41:16.315 [info] Getting sessions for read:user,repo,user:email,workflow...
2026-08-01 13:41:16.315 [info] Got 1 sessions for read:user,repo,user:email,workflow...
2026-08-01 13:41:16.786 [info] Getting sessions for all scopes...
2026-08-01 13:41:16.787 [info] Got 1 sessions for ...
2026-08-01 13:41:16.791 [info] Getting sessions for read:user,repo,user:email,workflow...
2026-08-01 13:41:16.791 [info] Got 1 sessions for read:user,repo,user:email,workflow...
2026-08-01 13:41:17.850 [info] Getting sessions for all scopes...
2026-08-01 13:41:17.850 [info] Got 1 sessions for ...
2026-08-01 13:41:17.853 [info] Getting sessions for read:user,repo,user:email,workflow...
2026-08-01 13:41:17.853 [info] Got 1 sessions for read:user,repo,user:email,workflow...
2026-08-01 13:41:43.893 [info] Getting sessions for all scopes...
2026-08-01 13:41:43.893 [info] Got 1 sessions for ...
2026-08-01 13:43:56.110 [info] Getting sessions for all scopes...
2026-08-01 13:43:56.110 [info] Got 1 sessions for ...
2026-08-01 13:43:56.111 [info] Getting sessions for all scopes...
2026-08-01 13:43:56.111 [info] Got 1 sessions for ...
2026-08-01 13:45:16.030 [info] Getting sessions for all scopes...
2026-08-01 13:45:16.030 [info] Got 1 sessions for ...
2026-08-01 13:45:16.033 [info] Getting sessions for all scopes...
2026-08-01 13:45:16.033 [info] Got 1 sessions for ...
2026-08-01 13:45:22.016 [info] Getting sessions for all scopes...
2026-08-01 13:45:22.016 [info] Got 1 sessions for ...
2026-08-01 13:45:22.017 [info] Getting sessions for all scopes...
2026-08-01 13:45:22.017 [info] Got 1 sessions for ...
2026-08-01 13:45:30.863 [info] Getting sessions for all scopes...
2026-08-01 13:45:30.863 [info] Got 1 sessions for ...
2026-08-01 13:45:30.889 [info] Getting sessions for all scopes...
2026-08-01 13:45:30.889 [info] Got 1 sessions for ...
2026-08-01 13:47:07.573 [info] Getting sessions for all scopes...
2026-08-01 13:47:07.573 [info] Got 1 sessions for ...
2026-08-01 13:47:07.585 [info] Getting sessions for all scopes...
2026-08-01 13:47:07.585 [info] Got 1 sessions for ...
