2026-08-01 18:33:56.666 [info] Reading sessions from keychain...
2026-08-01 18:33:56.666 [info] Getting sessions for all scopes...
2026-08-01 18:33:56.755 [info] Got stored sessions!
2026-08-01 18:33:56.755 [info] Got 1 verified sessions.
2026-08-01 18:33:56.755 [info] Got 1 sessions for ...
2026-08-01 18:33:56.756 [info] Getting sessions for all scopes...
2026-08-01 18:33:56.756 [info] Got 1 sessions for ...
2026-08-01 18:33:56.758 [info] Getting sessions for all scopes...
2026-08-01 18:33:56.758 [info] Got 1 sessions for ...
2026-08-01 18:33:56.965 [info] Getting sessions for all scopes...
2026-08-01 18:33:56.965 [info] Got 1 sessions for ...
2026-08-01 18:33:56.999 [info] Getting sessions for all scopes...
2026-08-01 18:33:56.999 [info] Got 1 sessions for ...
2026-08-01 18:33:59.826 [info] Getting sessions for all scopes...
2026-08-01 18:33:59.826 [info] Got 1 sessions for ...
2026-08-01 18:33:59.867 [info] Getting sessions for all scopes...
2026-08-01 18:33:59.867 [info] Got 1 sessions for ...
2026-08-01 18:33:59.884 [info] Getting sessions for all scopes...
2026-08-01 18:33:59.884 [info] Got 1 sessions for ...
2026-08-01 18:33:59.887 [info] Getting sessions for all scopes...
2026-08-01 18:33:59.887 [info] Got 1 sessions for ...
2026-08-01 18:34:00.274 [info] Getting sessions for all scopes...
2026-08-01 18:34:00.274 [info] Got 1 sessions for ...
2026-08-01 18:34:00.274 [info] Getting sessions for all scopes...
2026-08-01 18:34:00.274 [info] Got 1 sessions for ...
2026-08-01 18:34:00.329 [info] Getting sessions for all scopes...
2026-08-01 18:34:00.329 [info] Got 1 sessions for ...
2026-08-01 18:34:00.345 [info] Getting sessions for all scopes...
2026-08-01 18:34:00.345 [info] Got 1 sessions for ...
2026-08-01 18:34:00.455 [info] Getting sessions for read:user,repo,user:email,workflow...
2026-08-01 18:34:00.455 [info] Got 1 sessions for read:user,repo,user:email,workflow...
2026-08-01 18:34:01.362 [info] Getting sessions for all scopes...
2026-08-01 18:34:01.362 [info] Got 1 sessions for ...
2026-08-01 18:34:01.362 [info] Getting sessions for all scopes...
2026-08-01 18:34:01.362 [info] Got 1 sessions for ...
2026-08-01 18:34:01.378 [info] Getting sessions for read:user,repo,user:email,workflow...
2026-08-01 18:34:01.378 [info] Got 1 sessions for read:user,repo,user:email,workflow...
2026-08-01 18:34:01.834 [info] Getting sessions for all scopes...
2026-08-01 18:34:01.834 [info] Got 1 sessions for ...
2026-08-01 18:34:01.840 [info] Getting sessions for read:user,repo,user:email,workflow...
2026-08-01 18:34:01.840 [info] Got 1 sessions for read:user,repo,user:email,workflow...
2026-08-01 18:34:02.305 [info] Getting sessions for all scopes...
2026-08-01 18:34:02.305 [info] Got 1 sessions for ...
2026-08-01 18:34:02.307 [info] Getting sessions for read:user,repo,user:email,workflow...
2026-08-01 18:34:02.307 [info] Got 1 sessions for read:user,repo,user:email,workflow...
2026-08-01 18:34:02.596 [info] Getting sessions for all scopes...
2026-08-01 18:34:02.596 [info] Got 1 sessions for ...
2026-08-01 18:34:02.598 [info] Getting sessions for all scopes...
2026-08-01 18:34:02.598 [info] Got 1 sessions for ...
2026-08-01 18:34:07.417 [info] Getting sessions for all scopes...
2026-08-01 18:34:07.417 [info] Got 1 sessions for ...
2026-08-01 18:34:07.420 [info] Getting sessions for all scopes...
2026-08-01 18:34:07.420 [info] Got 1 sessions for ...
2026-08-01 18:34:27.337 [info] Getting sessions for all scopes...
2026-08-01 18:34:27.337 [info] Got 1 sessions for ...
2026-08-01 18:34:27.338 [info] Getting sessions for all scopes...
2026-08-01 18:34:27.338 [info] Got 1 sessions for ...
2026-08-01 18:34:47.396 [info] Getting sessions for all scopes...
2026-08-01 18:34:47.397 [info] Got 1 sessions for ...
2026-08-01 18:34:47.398 [info] Getting sessions for all scopes...
2026-08-01 18:34:47.398 [info] Got 1 sessions for ...
