2026-08-13 18:42:13.731 [info] [main] Log level: Info
2026-08-13 18:42:13.731 [info] [main] Validating found git in: "git"
2026-08-13 18:42:13.731 [info] [main] Using git "2.55.0" from "git"
2026-08-13 18:42:13.731 [info] [Model][doInitialScan] Initial repository scan started
2026-08-13 18:42:13.731 [info] > git rev-parse --show-toplevel [75ms]
2026-08-13 18:42:13.731 [info] fatal: not a git repository (or any of the parent directories): .git
2026-08-13 18:42:13.731 [info] > git rev-parse --show-toplevel [16ms]
2026-08-13 18:42:13.731 [info] fatal: not a git repository (or any of the parent directories): .git
2026-08-13 18:42:13.744 [info] > git rev-parse --show-toplevel [5ms]
2026-08-13 18:42:13.744 [info] fatal: not a git repository (or any of the parent directories): .git
2026-08-13 18:42:13.745 [info] [Model][doInitialScan] Initial repository scan completed - repositories (0), closed repositories (0), parent repositories (0), unsafe repositories (0)
2026-08-13 18:42:19.869 [info] > git rev-parse --show-toplevel [572ms]
2026-08-13 18:42:19.869 [info] fatal: not a git repository (or any of the parent directories): .git
2026-08-13 18:42:19.975 [info] > git rev-parse --show-toplevel [73ms]
2026-08-13 18:42:19.975 [info] fatal: not a git repository (or any of the parent directories): .git
2026-08-13 18:42:20.005 [info] > git rev-parse --show-toplevel [6ms]
2026-08-13 18:42:20.005 [info] fatal: not a git repository (or any of the parent directories): .git
2026-08-13 18:42:20.023 [info] > git rev-parse --show-toplevel [4ms]
2026-08-13 18:42:20.023 [info] fatal: not a git repository (or any of the parent directories): .git
2026-08-13 18:42:20.036 [info] > git rev-parse --show-toplevel [1ms]
2026-08-13 18:42:20.036 [info] fatal: not a git repository (or any of the parent directories): .git
2026-08-13 18:42:20.079 [info] > git rev-parse --show-toplevel [31ms]
2026-08-13 18:42:20.079 [info] fatal: not a git repository (or any of the parent directories): .git
2026-08-13 18:42:20.096 [info] > git rev-parse --show-toplevel [7ms]
2026-08-13 18:42:20.097 [info] fatal: not a git repository (or any of the parent directories): .git
2026-08-13 18:42:21.726 [info] > git rev-parse --show-toplevel [9ms]
2026-08-13 18:42:21.726 [info] fatal: not a git repository (or any of the parent directories): .git
2026-08-13 18:42:21.781 [info] > git rev-parse --show-toplevel [7ms]
2026-08-13 18:42:21.781 [info] fatal: not a git repository (or any of the parent directories): .git
