2026-08-01 13:51:46.368 [info] Reading sessions from keychain...
2026-08-01 13:51:46.368 [info] Getting sessions for all scopes...
2026-08-01 13:51:46.487 [info] Got stored sessions!
2026-08-01 13:51:46.488 [info] Got 1 verified sessions.
2026-08-01 13:51:46.488 [info] Got 1 sessions for ...
2026-08-01 13:51:46.488 [info] Getting sessions for all scopes...
2026-08-01 13:51:46.488 [info] Got 1 sessions for ...
2026-08-01 13:51:46.488 [info] Getting sessions for all scopes...
2026-08-01 13:51:46.489 [info] Got 1 sessions for ...
2026-08-01 13:51:46.698 [info] Getting sessions for all scopes...
2026-08-01 13:51:46.698 [info] Got 1 sessions for ...
2026-08-01 13:51:46.716 [info] Getting sessions for all scopes...
2026-08-01 13:51:46.716 [info] Got 1 sessions for ...
2026-08-01 13:51:49.231 [info] Getting sessions for all scopes...
2026-08-01 13:51:49.231 [info] Got 1 sessions for ...
2026-08-01 13:51:49.260 [info] Getting sessions for all scopes...
2026-08-01 13:51:49.260 [info] Got 1 sessions for ...
2026-08-01 13:51:49.290 [info] Getting sessions for all scopes...
2026-08-01 13:51:49.290 [info] Got 1 sessions for ...
2026-08-01 13:51:49.292 [info] Getting sessions for all scopes...
2026-08-01 13:51:49.292 [info] Got 1 sessions for ...
2026-08-01 13:51:49.305 [info] Getting sessions for all scopes...
2026-08-01 13:51:49.305 [info] Got 1 sessions for ...
2026-08-01 13:51:49.355 [info] Getting sessions for all scopes...
2026-08-01 13:51:49.355 [info] Got 1 sessions for ...
2026-08-01 13:51:49.675 [info] Getting sessions for all scopes...
2026-08-01 13:51:49.675 [info] Got 1 sessions for ...
2026-08-01 13:51:49.675 [info] Getting sessions for all scopes...
2026-08-01 13:51:49.675 [info] Got 1 sessions for ...
2026-08-01 13:51:49.756 [info] Getting sessions for all scopes...
2026-08-01 13:51:49.756 [info] Got 1 sessions for ...
2026-08-01 13:51:49.763 [info] Getting sessions for all scopes...
2026-08-01 13:51:49.763 [info] Got 1 sessions for ...
2026-08-01 13:51:49.825 [info] Getting sessions for read:user,repo,user:email,workflow...
2026-08-01 13:51:49.825 [info] Got 1 sessions for read:user,repo,user:email,workflow...
2026-08-01 13:51:50.889 [info] Getting sessions for all scopes...
2026-08-01 13:51:50.889 [info] Got 1 sessions for ...
2026-08-01 13:51:50.891 [info] Getting sessions for all scopes...
2026-08-01 13:51:50.891 [info] Got 1 sessions for ...
2026-08-01 13:51:50.891 [info] Getting sessions for all scopes...
2026-08-01 13:51:50.891 [info] Got 1 sessions for ...
2026-08-01 13:51:50.908 [info] Getting sessions for all scopes...
2026-08-01 13:51:50.908 [info] Got 1 sessions for ...
2026-08-01 13:51:50.925 [info] Getting sessions for read:user,repo,user:email,workflow...
2026-08-01 13:51:50.925 [info] Got 1 sessions for read:user,repo,user:email,workflow...
2026-08-01 13:51:51.269 [info] Getting sessions for all scopes...
2026-08-01 13:51:51.269 [info] Got 1 sessions for ...
2026-08-01 13:51:51.272 [info] Getting sessions for read:user,repo,user:email,workflow...
2026-08-01 13:51:51.272 [info] Got 1 sessions for read:user,repo,user:email,workflow...
2026-08-01 13:51:51.366 [info] Getting sessions for all scopes...
2026-08-01 13:51:51.366 [info] Got 1 sessions for ...
2026-08-01 13:51:51.368 [info] Getting sessions for read:user,repo,user:email,workflow...
2026-08-01 13:51:51.368 [info] Got 1 sessions for read:user,repo,user:email,workflow...
2026-08-01 13:52:03.099 [info] Getting sessions for all scopes...
2026-08-01 13:52:03.099 [info] Got 1 sessions for ...
2026-08-01 13:52:03.102 [info] Getting sessions for read:user,repo,user:email,workflow...
2026-08-01 13:52:03.102 [info] Got 1 sessions for read:user,repo,user:email,workflow...
2026-08-01 13:52:13.045 [info] Getting sessions for all scopes...
2026-08-01 13:52:13.045 [info] Got 1 sessions for ...
2026-08-01 13:52:13.047 [info] Getting sessions for all scopes...
2026-08-01 13:52:13.047 [info] Got 1 sessions for ...
2026-08-01 13:52:34.849 [info] Getting sessions for all scopes...
2026-08-01 13:52:34.849 [info] Got 1 sessions for ...
2026-08-01 13:53:00.726 [info] Getting sessions for all scopes...
2026-08-01 13:53:00.726 [info] Got 1 sessions for ...
2026-08-01 13:53:00.740 [info] Getting sessions for all scopes...
2026-08-01 13:53:00.740 [info] Got 1 sessions for ...
2026-08-01 13:53:19.985 [info] Getting sessions for all scopes...
2026-08-01 13:53:19.985 [info] Got 1 sessions for ...
2026-08-01 13:53:19.990 [info] Getting sessions for all scopes...
2026-08-01 13:53:19.990 [info] Got 1 sessions for ...
2026-08-01 13:53:34.749 [info] Getting sessions for all scopes...
2026-08-01 13:53:34.750 [info] Got 1 sessions for ...
2026-08-01 13:53:34.776 [info] Getting sessions for all scopes...
2026-08-01 13:53:34.776 [info] Got 1 sessions for ...
2026-08-01 13:53:45.105 [info] Getting sessions for all scopes...
2026-08-01 13:53:45.105 [info] Got 1 sessions for ...
2026-08-01 13:53:45.116 [info] Getting sessions for all scopes...
2026-08-01 13:53:45.116 [info] Got 1 sessions for ...
2026-08-01 13:53:48.027 [info] Getting sessions for all scopes...
2026-08-01 13:53:48.027 [info] Got 1 sessions for ...
2026-08-01 13:53:48.033 [info] Getting sessions for all scopes...
2026-08-01 13:53:48.033 [info] Got 1 sessions for ...
2026-08-01 13:54:03.464 [info] Getting sessions for all scopes...
2026-08-01 13:54:03.464 [info] Got 1 sessions for ...
2026-08-01 13:54:03.490 [info] Getting sessions for all scopes...
2026-08-01 13:54:03.490 [info] Got 1 sessions for ...
2026-08-01 13:54:20.464 [info] Getting sessions for all scopes...
2026-08-01 13:54:20.464 [info] Got 1 sessions for ...
2026-08-01 13:54:20.468 [info] Getting sessions for all scopes...
2026-08-01 13:54:20.468 [info] Got 1 sessions for ...
2026-08-01 13:54:37.402 [info] Getting sessions for all scopes...
2026-08-01 13:54:37.402 [info] Got 1 sessions for ...
2026-08-01 13:54:37.403 [info] Getting sessions for all scopes...
2026-08-01 13:54:37.403 [info] Got 1 sessions for ...
2026-08-01 13:57:05.562 [info] Getting sessions for all scopes...
2026-08-01 13:57:05.563 [info] Got 1 sessions for ...
2026-08-01 13:57:05.572 [info] Getting sessions for all scopes...
2026-08-01 13:57:05.572 [info] Got 1 sessions for ...
2026-08-01 14:02:27.714 [info] Getting sessions for all scopes...
2026-08-01 14:02:27.715 [info] Got 1 sessions for ...
2026-08-01 14:02:27.721 [info] Getting sessions for all scopes...
2026-08-01 14:02:27.721 [info] Got 1 sessions for ...
2026-08-01 16:01:11.654 [info] Getting sessions for all scopes...
2026-08-01 16:01:11.654 [info] Got 1 sessions for ...
2026-08-01 16:01:11.661 [info] Getting sessions for read:user,repo,user:email,workflow...
2026-08-01 16:01:11.661 [info] Got 1 sessions for read:user,repo,user:email,workflow...
2026-08-01 16:01:12.618 [info] Getting sessions for all scopes...
2026-08-01 16:01:12.618 [info] Got 1 sessions for ...
2026-08-01 16:01:12.621 [info] Getting sessions for all scopes...
2026-08-01 16:01:12.621 [info] Got 1 sessions for ...
2026-08-01 16:01:12.632 [info] Getting sessions for read:user,repo,user:email,workflow...
2026-08-01 16:01:12.632 [info] Got 1 sessions for read:user,repo,user:email,workflow...
2026-08-01 16:01:13.351 [info] Getting sessions for all scopes...
2026-08-01 16:01:13.352 [info] Got 1 sessions for ...
2026-08-01 16:01:13.393 [info] Getting sessions for all scopes...
2026-08-01 16:01:13.394 [info] Got 1 sessions for ...
2026-08-01 16:02:03.952 [info] Getting sessions for all scopes...
2026-08-01 16:02:03.952 [info] Got 1 sessions for ...
2026-08-01 16:02:03.961 [info] Getting sessions for all scopes...
2026-08-01 16:02:03.961 [info] Got 1 sessions for ...
2026-08-01 16:02:36.682 [info] Getting sessions for all scopes...
2026-08-01 16:02:36.682 [info] Got 1 sessions for ...
2026-08-01 16:02:36.687 [info] Getting sessions for all scopes...
2026-08-01 16:02:36.687 [info] Got 1 sessions for ...
2026-08-01 16:04:57.058 [info] Getting sessions for all scopes...
2026-08-01 16:04:57.059 [info] Got 1 sessions for ...
2026-08-01 16:04:57.083 [info] Getting sessions for all scopes...
2026-08-01 16:04:57.083 [info] Got 1 sessions for ...
2026-08-01 16:08:30.387 [info] Getting sessions for all scopes...
2026-08-01 16:08:30.387 [info] Got 1 sessions for ...
2026-08-01 16:08:30.391 [info] Getting sessions for all scopes...
2026-08-01 16:08:30.391 [info] Got 1 sessions for ...
2026-08-01 16:08:54.812 [info] Getting sessions for all scopes...
2026-08-01 16:08:54.812 [info] Got 1 sessions for ...
2026-08-01 16:08:54.828 [info] Getting sessions for all scopes...
2026-08-01 16:08:54.828 [info] Got 1 sessions for ...
2026-08-01 16:09:17.408 [info] Getting sessions for all scopes...
2026-08-01 16:09:17.409 [info] Got 1 sessions for ...
2026-08-01 16:09:17.413 [info] Getting sessions for all scopes...
2026-08-01 16:09:17.413 [info] Got 1 sessions for ...
2026-08-01 16:09:42.311 [info] Getting sessions for all scopes...
2026-08-01 16:09:42.311 [info] Got 1 sessions for ...
2026-08-01 16:09:42.316 [info] Getting sessions for all scopes...
2026-08-01 16:09:42.316 [info] Got 1 sessions for ...
2026-08-01 16:09:55.191 [info] Getting sessions for all scopes...
2026-08-01 16:09:55.191 [info] Got 1 sessions for ...
2026-08-01 16:09:55.222 [info] Getting sessions for all scopes...
2026-08-01 16:09:55.222 [info] Got 1 sessions for ...
2026-08-01 16:10:16.275 [info] Getting sessions for all scopes...
2026-08-01 16:10:16.275 [info] Got 1 sessions for ...
2026-08-01 16:10:16.276 [info] Getting sessions for all scopes...
2026-08-01 16:10:16.276 [info] Got 1 sessions for ...
2026-08-01 16:10:32.744 [info] Getting sessions for all scopes...
2026-08-01 16:10:32.744 [info] Got 1 sessions for ...
2026-08-01 16:10:32.794 [info] Getting sessions for all scopes...
2026-08-01 16:10:32.796 [info] Got 1 sessions for ...
2026-08-01 16:10:37.611 [info] Getting sessions for all scopes...
2026-08-01 16:10:37.611 [info] Got 1 sessions for ...
2026-08-01 16:10:37.631 [info] Getting sessions for all scopes...
2026-08-01 16:10:37.631 [info] Got 1 sessions for ...
2026-08-01 16:11:17.491 [info] Getting sessions for all scopes...
2026-08-01 16:11:17.491 [info] Got 1 sessions for ...
2026-08-01 16:11:17.509 [info] Getting sessions for all scopes...
2026-08-01 16:11:17.509 [info] Got 1 sessions for ...
2026-08-01 16:11:32.888 [info] Getting sessions for all scopes...
2026-08-01 16:11:32.888 [info] Got 1 sessions for ...
2026-08-01 16:11:32.910 [info] Getting sessions for all scopes...
2026-08-01 16:11:32.910 [info] Got 1 sessions for ...
2026-08-01 16:11:38.803 [info] Getting sessions for all scopes...
2026-08-01 16:11:38.803 [info] Got 1 sessions for ...
2026-08-01 16:11:38.809 [info] Getting sessions for all scopes...
2026-08-01 16:11:38.809 [info] Got 1 sessions for ...
2026-08-01 16:11:45.255 [info] Getting sessions for all scopes...
2026-08-01 16:11:45.256 [info] Got 1 sessions for ...
2026-08-01 16:11:45.296 [info] Getting sessions for all scopes...
2026-08-01 16:11:45.296 [info] Got 1 sessions for ...
2026-08-01 16:11:52.206 [info] Getting sessions for all scopes...
2026-08-01 16:11:52.206 [info] Got 1 sessions for ...
2026-08-01 16:11:52.223 [info] Getting sessions for all scopes...
2026-08-01 16:11:52.223 [info] Got 1 sessions for ...
2026-08-01 16:12:12.771 [info] Getting sessions for all scopes...
2026-08-01 16:12:12.771 [info] Got 1 sessions for ...
2026-08-01 16:12:12.788 [info] Getting sessions for all scopes...
2026-08-01 16:12:12.788 [info] Got 1 sessions for ...
2026-08-01 16:12:30.793 [info] Getting sessions for all scopes...
2026-08-01 16:12:30.793 [info] Got 1 sessions for ...
2026-08-01 16:12:30.831 [info] Getting sessions for all scopes...
2026-08-01 16:12:30.831 [info] Got 1 sessions for ...
2026-08-01 16:12:56.854 [info] Getting sessions for all scopes...
2026-08-01 16:12:56.854 [info] Got 1 sessions for ...
2026-08-01 16:12:56.873 [info] Getting sessions for all scopes...
2026-08-01 16:12:56.873 [info] Got 1 sessions for ...
2026-08-01 16:13:12.445 [info] Getting sessions for all scopes...
2026-08-01 16:13:12.445 [info] Got 1 sessions for ...
2026-08-01 16:13:12.465 [info] Getting sessions for all scopes...
2026-08-01 16:13:12.466 [info] Got 1 sessions for ...
2026-08-01 16:13:30.373 [info] Getting sessions for all scopes...
2026-08-01 16:13:30.373 [info] Got 1 sessions for ...
2026-08-01 16:13:30.378 [info] Getting sessions for all scopes...
2026-08-01 16:13:30.378 [info] Got 1 sessions for ...
2026-08-01 16:13:37.239 [info] Getting sessions for all scopes...
2026-08-01 16:13:37.239 [info] Got 1 sessions for ...
2026-08-01 16:13:37.285 [info] Getting sessions for all scopes...
2026-08-01 16:13:37.285 [info] Got 1 sessions for ...
2026-08-01 16:13:51.746 [info] Getting sessions for all scopes...
2026-08-01 16:13:51.746 [info] Got 1 sessions for ...
2026-08-01 16:13:51.829 [info] Getting sessions for all scopes...
2026-08-01 16:13:51.829 [info] Got 1 sessions for ...
2026-08-01 16:14:00.178 [info] Getting sessions for all scopes...
2026-08-01 16:14:00.179 [info] Got 1 sessions for ...
2026-08-01 16:14:00.201 [info] Getting sessions for all scopes...
2026-08-01 16:14:00.201 [info] Got 1 sessions for ...
2026-08-01 16:14:08.569 [info] Getting sessions for all scopes...
2026-08-01 16:14:08.569 [info] Got 1 sessions for ...
2026-08-01 16:14:08.578 [info] Getting sessions for all scopes...
2026-08-01 16:14:08.578 [info] Got 1 sessions for ...
2026-08-01 16:14:16.914 [info] Getting sessions for all scopes...
2026-08-01 16:14:16.915 [info] Got 1 sessions for ...
2026-08-01 16:14:16.974 [info] Getting sessions for all scopes...
2026-08-01 16:14:16.974 [info] Got 1 sessions for ...
2026-08-01 16:14:30.627 [info] Getting sessions for all scopes...
2026-08-01 16:14:30.627 [info] Got 1 sessions for ...
2026-08-01 16:14:30.662 [info] Getting sessions for all scopes...
2026-08-01 16:14:30.662 [info] Got 1 sessions for ...
2026-08-01 16:14:58.234 [info] Getting sessions for all scopes...
2026-08-01 16:14:58.234 [info] Got 1 sessions for ...
2026-08-01 16:14:58.238 [info] Getting sessions for all scopes...
2026-08-01 16:14:58.238 [info] Got 1 sessions for ...
2026-08-01 16:15:18.928 [info] Getting sessions for all scopes...
2026-08-01 16:15:18.928 [info] Got 1 sessions for ...
2026-08-01 16:15:18.932 [info] Getting sessions for all scopes...
2026-08-01 16:15:18.932 [info] Got 1 sessions for ...
2026-08-01 16:15:22.325 [info] Getting sessions for all scopes...
2026-08-01 16:15:22.325 [info] Got 1 sessions for ...
2026-08-01 16:15:22.371 [info] Getting sessions for all scopes...
2026-08-01 16:15:22.371 [info] Got 1 sessions for ...
2026-08-01 16:15:30.933 [info] Getting sessions for all scopes...
2026-08-01 16:15:30.933 [info] Got 1 sessions for ...
2026-08-01 16:15:30.935 [info] Getting sessions for all scopes...
2026-08-01 16:15:30.935 [info] Got 1 sessions for ...
2026-08-01 16:15:43.191 [info] Getting sessions for all scopes...
2026-08-01 16:15:43.191 [info] Got 1 sessions for ...
2026-08-01 16:15:43.229 [info] Getting sessions for all scopes...
2026-08-01 16:15:43.229 [info] Got 1 sessions for ...
2026-08-01 16:16:31.251 [info] Getting sessions for all scopes...
2026-08-01 16:16:31.251 [info] Got 1 sessions for ...
2026-08-01 16:16:31.262 [info] Getting sessions for all scopes...
2026-08-01 16:16:31.264 [info] Got 1 sessions for ...
2026-08-01 16:16:41.604 [info] Getting sessions for all scopes...
2026-08-01 16:16:41.604 [info] Got 1 sessions for ...
2026-08-01 16:16:41.611 [info] Getting sessions for all scopes...
2026-08-01 16:16:41.612 [info] Got 1 sessions for ...
2026-08-01 16:17:45.737 [info] Getting sessions for all scopes...
2026-08-01 16:17:45.737 [info] Got 1 sessions for ...
2026-08-01 16:17:45.740 [info] Getting sessions for all scopes...
2026-08-01 16:17:45.740 [info] Got 1 sessions for ...
2026-08-01 16:17:56.171 [info] Getting sessions for all scopes...
2026-08-01 16:17:56.171 [info] Got 1 sessions for ...
2026-08-01 16:17:56.174 [info] Getting sessions for all scopes...
2026-08-01 16:17:56.174 [info] Got 1 sessions for ...
2026-08-01 16:18:02.120 [info] Getting sessions for all scopes...
2026-08-01 16:18:02.120 [info] Got 1 sessions for ...
2026-08-01 16:18:02.170 [info] Getting sessions for all scopes...
2026-08-01 16:18:02.170 [info] Got 1 sessions for ...
2026-08-01 16:18:11.643 [info] Getting sessions for all scopes...
2026-08-01 16:18:11.643 [info] Got 1 sessions for ...
2026-08-01 16:18:11.646 [info] Getting sessions for all scopes...
2026-08-01 16:18:11.646 [info] Got 1 sessions for ...
2026-08-01 16:18:33.374 [info] Getting sessions for all scopes...
2026-08-01 16:18:33.374 [info] Got 1 sessions for ...
2026-08-01 16:18:33.378 [info] Getting sessions for all scopes...
2026-08-01 16:18:33.378 [info] Got 1 sessions for ...
2026-08-01 16:18:49.368 [info] Getting sessions for all scopes...
2026-08-01 16:18:49.368 [info] Got 1 sessions for ...
2026-08-01 16:18:49.380 [info] Getting sessions for all scopes...
2026-08-01 16:18:49.380 [info] Got 1 sessions for ...
2026-08-01 16:18:55.423 [info] Getting sessions for all scopes...
2026-08-01 16:18:55.423 [info] Got 1 sessions for ...
2026-08-01 16:18:55.427 [info] Getting sessions for all scopes...
2026-08-01 16:18:55.427 [info] Got 1 sessions for ...
2026-08-01 16:18:59.509 [info] Getting sessions for all scopes...
2026-08-01 16:18:59.509 [info] Got 1 sessions for ...
2026-08-01 16:18:59.541 [info] Getting sessions for all scopes...
2026-08-01 16:18:59.541 [info] Got 1 sessions for ...
2026-08-01 16:19:41.052 [info] Getting sessions for all scopes...
2026-08-01 16:19:41.052 [info] Got 1 sessions for ...
2026-08-01 16:19:41.071 [info] Getting sessions for all scopes...
2026-08-01 16:19:41.071 [info] Got 1 sessions for ...
2026-08-01 16:19:51.105 [info] Getting sessions for all scopes...
2026-08-01 16:19:51.105 [info] Got 1 sessions for ...
2026-08-01 16:19:51.108 [info] Getting sessions for all scopes...
2026-08-01 16:19:51.108 [info] Got 1 sessions for ...
2026-08-01 16:20:01.491 [info] Getting sessions for all scopes...
2026-08-01 16:20:01.491 [info] Got 1 sessions for ...
2026-08-01 16:20:01.506 [info] Getting sessions for all scopes...
2026-08-01 16:20:01.506 [info] Got 1 sessions for ...
2026-08-01 16:20:07.179 [info] Getting sessions for all scopes...
2026-08-01 16:20:07.180 [info] Got 1 sessions for ...
2026-08-01 16:20:07.186 [info] Getting sessions for all scopes...
2026-08-01 16:20:07.187 [info] Got 1 sessions for ...
2026-08-01 16:20:47.063 [info] Getting sessions for all scopes...
2026-08-01 16:20:47.063 [info] Got 1 sessions for ...
2026-08-01 16:20:47.248 [info] Getting sessions for all scopes...
2026-08-01 16:20:47.248 [info] Got 1 sessions for ...
2026-08-01 16:21:32.191 [info] Getting sessions for all scopes...
2026-08-01 16:21:32.191 [info] Got 1 sessions for ...
2026-08-01 16:21:32.198 [info] Getting sessions for all scopes...
2026-08-01 16:21:32.198 [info] Got 1 sessions for ...
2026-08-01 16:21:52.336 [info] Getting sessions for all scopes...
2026-08-01 16:21:52.336 [info] Got 1 sessions for ...
2026-08-01 16:21:52.355 [info] Getting sessions for all scopes...
2026-08-01 16:21:52.355 [info] Got 1 sessions for ...
2026-08-01 16:22:05.291 [info] Getting sessions for all scopes...
2026-08-01 16:22:05.291 [info] Got 1 sessions for ...
2026-08-01 16:22:05.347 [info] Getting sessions for all scopes...
2026-08-01 16:22:05.347 [info] Got 1 sessions for ...
2026-08-01 16:23:18.592 [info] Getting sessions for all scopes...
2026-08-01 16:23:18.592 [info] Got 1 sessions for ...
2026-08-01 16:23:18.629 [info] Getting sessions for all scopes...
2026-08-01 16:23:18.629 [info] Got 1 sessions for ...
2026-08-01 16:23:31.992 [info] Getting sessions for all scopes...
2026-08-01 16:23:31.992 [info] Got 1 sessions for ...
2026-08-01 16:23:31.998 [info] Getting sessions for read:user,repo,user:email,workflow...
2026-08-01 16:23:31.999 [info] Got 1 sessions for read:user,repo,user:email,workflow...
2026-08-01 16:23:33.313 [info] Getting sessions for all scopes...
2026-08-01 16:23:33.313 [info] Got 1 sessions for ...
2026-08-01 16:23:33.315 [info] Getting sessions for all scopes...
2026-08-01 16:23:33.315 [info] Got 1 sessions for ...
2026-08-01 16:23:33.357 [info] Getting sessions for read:user,repo,user:email,workflow...
2026-08-01 16:23:33.358 [info] Got 1 sessions for read:user,repo,user:email,workflow...
2026-08-01 16:23:35.978 [info] Getting sessions for all scopes...
2026-08-01 16:23:35.978 [info] Got 1 sessions for ...
2026-08-01 16:23:35.981 [info] Getting sessions for all scopes...
2026-08-01 16:23:35.982 [info] Got 1 sessions for ...
2026-08-01 16:23:44.843 [info] Getting sessions for all scopes...
2026-08-01 16:23:44.843 [info] Got 1 sessions for ...
2026-08-01 16:23:44.893 [info] Getting sessions for all scopes...
2026-08-01 16:23:44.893 [info] Got 1 sessions for ...
2026-08-01 16:23:52.302 [info] Getting sessions for all scopes...
2026-08-01 16:23:52.302 [info] Got 1 sessions for ...
2026-08-01 16:23:52.307 [info] Getting sessions for all scopes...
2026-08-01 16:23:52.307 [info] Got 1 sessions for ...
2026-08-01 16:24:11.593 [info] Getting sessions for all scopes...
2026-08-01 16:24:11.593 [info] Got 1 sessions for ...
2026-08-01 16:24:11.598 [info] Getting sessions for all scopes...
2026-08-01 16:24:11.598 [info] Got 1 sessions for ...
2026-08-01 16:24:16.660 [info] Getting sessions for all scopes...
2026-08-01 16:24:16.662 [info] Got 1 sessions for ...
2026-08-01 16:24:16.666 [info] Getting sessions for all scopes...
2026-08-01 16:24:16.666 [info] Got 1 sessions for ...
2026-08-01 16:24:40.986 [info] Getting sessions for all scopes...
2026-08-01 16:24:40.987 [info] Got 1 sessions for ...
2026-08-01 16:24:40.994 [info] Getting sessions for all scopes...
2026-08-01 16:24:40.994 [info] Got 1 sessions for ...
2026-08-01 16:24:50.027 [info] Getting sessions for all scopes...
2026-08-01 16:24:50.027 [info] Got 1 sessions for ...
2026-08-01 16:24:50.029 [info] Getting sessions for all scopes...
2026-08-01 16:24:50.029 [info] Got 1 sessions for ...
2026-08-01 16:25:25.818 [info] Getting sessions for all scopes...
2026-08-01 16:25:25.818 [info] Got 1 sessions for ...
2026-08-01 16:25:25.838 [info] Getting sessions for all scopes...
2026-08-01 16:25:25.838 [info] Got 1 sessions for ...
2026-08-01 16:25:52.891 [info] Getting sessions for all scopes...
2026-08-01 16:25:52.892 [info] Got 1 sessions for ...
2026-08-01 16:25:52.907 [info] Getting sessions for all scopes...
2026-08-01 16:25:52.907 [info] Got 1 sessions for ...
2026-08-01 16:25:57.274 [info] Getting sessions for all scopes...
2026-08-01 16:25:57.274 [info] Got 1 sessions for ...
2026-08-01 16:25:57.315 [info] Getting sessions for all scopes...
2026-08-01 16:25:57.315 [info] Got 1 sessions for ...
2026-08-01 16:26:04.278 [info] Getting sessions for all scopes...
2026-08-01 16:26:04.278 [info] Got 1 sessions for ...
2026-08-01 16:26:04.281 [info] Getting sessions for all scopes...
2026-08-01 16:26:04.281 [info] Got 1 sessions for ...
2026-08-01 16:26:19.929 [info] Getting sessions for all scopes...
2026-08-01 16:26:19.929 [info] Got 1 sessions for ...
2026-08-01 16:26:19.967 [info] Getting sessions for all scopes...
2026-08-01 16:26:19.967 [info] Got 1 sessions for ...
2026-08-01 16:26:51.178 [info] Getting sessions for all scopes...
2026-08-01 16:26:51.178 [info] Got 1 sessions for ...
2026-08-01 16:26:51.182 [info] Getting sessions for all scopes...
2026-08-01 16:26:51.182 [info] Got 1 sessions for ...
2026-08-01 16:27:06.919 [info] Getting sessions for all scopes...
2026-08-01 16:27:06.919 [info] Got 1 sessions for ...
2026-08-01 16:27:06.922 [info] Getting sessions for all scopes...
2026-08-01 16:27:06.923 [info] Got 1 sessions for ...
2026-08-01 16:27:30.421 [info] Getting sessions for all scopes...
2026-08-01 16:27:30.422 [info] Got 1 sessions for ...
2026-08-01 16:27:30.444 [info] Getting sessions for all scopes...
2026-08-01 16:27:30.444 [info] Got 1 sessions for ...
2026-08-01 16:28:19.618 [info] Getting sessions for all scopes...
2026-08-01 16:28:19.618 [info] Got 1 sessions for ...
2026-08-01 16:28:19.625 [info] Getting sessions for all scopes...
2026-08-01 16:28:19.625 [info] Got 1 sessions for ...
2026-08-01 16:28:40.913 [info] Getting sessions for all scopes...
2026-08-01 16:28:40.913 [info] Got 1 sessions for ...
2026-08-01 16:28:40.930 [info] Getting sessions for all scopes...
2026-08-01 16:28:40.930 [info] Got 1 sessions for ...
2026-08-01 16:28:54.128 [info] Getting sessions for all scopes...
2026-08-01 16:28:54.128 [info] Got 1 sessions for ...
2026-08-01 16:28:54.146 [info] Getting sessions for all scopes...
2026-08-01 16:28:54.146 [info] Got 1 sessions for ...
2026-08-01 16:29:20.767 [info] Getting sessions for all scopes...
2026-08-01 16:29:20.767 [info] Got 1 sessions for ...
2026-08-01 16:29:20.790 [info] Getting sessions for all scopes...
2026-08-01 16:29:20.790 [info] Got 1 sessions for ...
2026-08-01 16:29:36.634 [info] Getting sessions for all scopes...
2026-08-01 16:29:36.634 [info] Got 1 sessions for ...
2026-08-01 16:29:36.636 [info] Getting sessions for all scopes...
2026-08-01 16:29:36.636 [info] Got 1 sessions for ...
2026-08-01 16:30:20.807 [info] Getting sessions for all scopes...
2026-08-01 16:30:20.807 [info] Got 1 sessions for ...
2026-08-01 16:30:20.810 [info] Getting sessions for all scopes...
2026-08-01 16:30:20.810 [info] Got 1 sessions for ...
2026-08-01 16:31:23.855 [info] Getting sessions for all scopes...
2026-08-01 16:31:23.855 [info] Got 1 sessions for ...
2026-08-01 16:31:23.862 [info] Getting sessions for all scopes...
2026-08-01 16:31:23.862 [info] Got 1 sessions for ...
2026-08-01 16:32:06.655 [info] Getting sessions for all scopes...
2026-08-01 16:32:06.655 [info] Got 1 sessions for ...
2026-08-01 16:32:06.658 [info] Getting sessions for all scopes...
2026-08-01 16:32:06.658 [info] Got 1 sessions for ...
2026-08-01 16:32:27.125 [info] Getting sessions for all scopes...
2026-08-01 16:32:27.125 [info] Got 1 sessions for ...
2026-08-01 16:32:27.130 [info] Getting sessions for all scopes...
2026-08-01 16:32:27.130 [info] Got 1 sessions for ...
2026-08-01 16:33:20.676 [info] Getting sessions for all scopes...
2026-08-01 16:33:20.676 [info] Got 1 sessions for ...
2026-08-01 16:33:20.699 [info] Getting sessions for all scopes...
2026-08-01 16:33:20.700 [info] Got 1 sessions for ...
2026-08-01 16:33:38.062 [info] Getting sessions for all scopes...
2026-08-01 16:33:38.062 [info] Got 1 sessions for ...
2026-08-01 16:33:38.065 [info] Getting sessions for all scopes...
2026-08-01 16:33:38.065 [info] Got 1 sessions for ...
2026-08-01 16:34:06.219 [info] Getting sessions for all scopes...
2026-08-01 16:34:06.219 [info] Got 1 sessions for ...
2026-08-01 16:34:06.228 [info] Getting sessions for all scopes...
2026-08-01 16:34:06.228 [info] Got 1 sessions for ...
2026-08-01 16:34:18.873 [info] Getting sessions for all scopes...
2026-08-01 16:34:18.873 [info] Got 1 sessions for ...
2026-08-01 16:34:18.879 [info] Getting sessions for all scopes...
2026-08-01 16:34:18.879 [info] Got 1 sessions for ...
2026-08-01 16:34:21.828 [info] Getting sessions for all scopes...
2026-08-01 16:34:21.828 [info] Got 1 sessions for ...
2026-08-01 16:34:21.832 [info] Getting sessions for all scopes...
2026-08-01 16:34:21.832 [info] Got 1 sessions for ...
