2026-08-07 19:06:22.230 [info] Reading sessions from keychain...
2026-08-07 19:06:22.230 [info] Getting sessions for all scopes...
2026-08-07 19:06:22.230 [info] Got stored sessions!
2026-08-07 19:06:22.230 [info] Got 1 verified sessions.
2026-08-07 19:06:22.230 [info] Got 1 sessions for ...
2026-08-07 19:06:22.230 [info] Getting sessions for all scopes...
2026-08-07 19:06:22.230 [info] Got 1 sessions for ...
2026-08-07 19:06:22.230 [info] Getting sessions for all scopes...
2026-08-07 19:06:22.230 [info] Got 1 sessions for ...
2026-08-07 19:06:22.230 [info] Getting sessions for all scopes...
2026-08-07 19:06:22.230 [info] Got 1 sessions for ...
2026-08-07 19:06:22.230 [info] Getting sessions for all scopes...
2026-08-07 19:06:22.230 [info] Got 1 sessions for ...
2026-08-07 19:06:22.230 [info] Getting sessions for all scopes...
2026-08-07 19:06:22.230 [info] Got 1 sessions for ...
2026-08-07 19:06:22.230 [info] Getting sessions for all scopes...
2026-08-07 19:06:22.230 [info] Got 1 sessions for ...
2026-08-07 19:06:22.230 [info] Getting sessions for all scopes...
2026-08-07 19:06:22.230 [info] Got 1 sessions for ...
2026-08-07 19:06:22.230 [info] Getting sessions for all scopes...
2026-08-07 19:06:22.230 [info] Got 1 sessions for ...
2026-08-07 19:06:22.231 [info] Getting sessions for all scopes...
2026-08-07 19:06:22.231 [info] Got 1 sessions for ...
2026-08-07 19:06:22.231 [info] Getting sessions for all scopes...
2026-08-07 19:06:22.231 [info] Got 1 sessions for ...
2026-08-07 19:06:22.231 [info] Getting sessions for read:user,repo,user:email,workflow...
2026-08-07 19:06:22.231 [info] Got 1 sessions for read:user,repo,user:email,workflow...
2026-08-07 19:06:23.795 [info] Getting sessions for all scopes...
2026-08-07 19:06:23.795 [info] Got 1 sessions for ...
2026-08-07 19:06:23.879 [info] Getting sessions for read:user,repo,user:email,workflow...
2026-08-07 19:06:23.879 [info] Got 1 sessions for read:user,repo,user:email,workflow...
2026-08-07 19:06:24.924 [info] Getting sessions for all scopes...
2026-08-07 19:06:24.924 [info] Got 1 sessions for ...
2026-08-07 19:06:24.995 [info] Getting sessions for all scopes...
2026-08-07 19:06:24.995 [info] Got 1 sessions for ...
2026-08-07 19:06:25.026 [info] Getting sessions for read:user,repo,user:email,workflow...
2026-08-07 19:06:25.026 [info] Got 1 sessions for read:user,repo,user:email,workflow...
2026-08-07 19:06:25.726 [info] Getting sessions for all scopes...
2026-08-07 19:06:25.726 [info] Got 1 sessions for ...
2026-08-07 19:06:25.730 [info] Getting sessions for read:user,repo,user:email,workflow...
2026-08-07 19:06:25.730 [info] Got 1 sessions for read:user,repo,user:email,workflow...
2026-08-07 19:06:25.875 [info] Getting sessions for all scopes...
2026-08-07 19:06:25.875 [info] Got 1 sessions for ...
2026-08-07 19:06:25.879 [info] Getting sessions for read:user,repo,user:email,workflow...
2026-08-07 19:06:25.879 [info] Got 1 sessions for read:user,repo,user:email,workflow...
2026-08-07 19:06:28.920 [info] Getting sessions for all scopes...
2026-08-07 19:06:28.920 [info] Got 1 sessions for ...
2026-08-07 19:06:29.123 [info] Getting sessions for read:user,repo,user:email,workflow...
2026-08-07 19:06:29.123 [info] Got 1 sessions for read:user,repo,user:email,workflow...
2026-08-07 19:06:32.543 [info] Getting sessions for all scopes...
2026-08-07 19:06:32.543 [info] Got 1 sessions for ...
2026-08-07 19:06:32.552 [info] Getting sessions for all scopes...
2026-08-07 19:06:32.552 [info] Got 1 sessions for ...
2026-08-07 19:07:12.950 [info] Getting sessions for all scopes...
2026-08-07 19:07:12.950 [info] Got 1 sessions for ...
2026-08-07 19:07:13.081 [info] Getting sessions for all scopes...
2026-08-07 19:07:13.081 [info] Got 1 sessions for ...
2026-08-07 19:07:14.664 [info] Getting sessions for all scopes...
2026-08-07 19:07:14.664 [info] Got 1 sessions for ...
2026-08-07 19:07:14.713 [info] Getting sessions for all scopes...
2026-08-07 19:07:14.713 [info] Got 1 sessions for ...
2026-08-07 19:07:28.867 [info] Getting sessions for all scopes...
2026-08-07 19:07:28.868 [info] Got 1 sessions for ...
2026-08-07 19:07:28.870 [info] Getting sessions for all scopes...
2026-08-07 19:07:28.870 [info] Got 1 sessions for ...
2026-08-07 19:08:39.740 [info] Getting sessions for all scopes...
2026-08-07 19:08:39.740 [info] Got 1 sessions for ...
2026-08-07 19:08:39.835 [info] Getting sessions for all scopes...
2026-08-07 19:08:39.835 [info] Got 1 sessions for ...
2026-08-07 19:08:41.459 [info] Getting sessions for all scopes...
2026-08-07 19:08:41.459 [info] Got 1 sessions for ...
2026-08-07 19:08:41.467 [info] Getting sessions for all scopes...
2026-08-07 19:08:41.467 [info] Got 1 sessions for ...
2026-08-07 19:09:29.599 [info] Getting sessions for all scopes...
2026-08-07 19:09:29.599 [info] Got 1 sessions for ...
2026-08-07 19:09:29.742 [info] Getting sessions for all scopes...
2026-08-07 19:09:29.742 [info] Got 1 sessions for ...
2026-08-07 19:09:31.033 [info] Getting sessions for all scopes...
2026-08-07 19:09:31.033 [info] Got 1 sessions for ...
2026-08-07 19:09:31.048 [info] Getting sessions for all scopes...
2026-08-07 19:09:31.049 [info] Got 1 sessions for ...
2026-08-07 19:09:43.375 [info] Getting sessions for all scopes...
2026-08-07 19:09:43.375 [info] Got 1 sessions for ...
2026-08-07 19:09:43.388 [info] Getting sessions for all scopes...
2026-08-07 19:09:43.388 [info] Got 1 sessions for ...
