2026-08-02 13:04:03.084 [info] Reading sessions from keychain...
2026-08-02 13:04:03.084 [info] Getting sessions for all scopes...
2026-08-02 13:04:03.084 [info] Got stored sessions!
2026-08-02 13:04:03.084 [info] Got 1 verified sessions.
2026-08-02 13:04:03.084 [info] Got 1 sessions for ...
2026-08-02 13:04:03.084 [info] Getting sessions for all scopes...
2026-08-02 13:04:03.084 [info] Got 1 sessions for ...
2026-08-02 13:04:03.084 [info] Getting sessions for all scopes...
2026-08-02 13:04:03.084 [info] Got 1 sessions for ...
2026-08-02 13:04:03.084 [info] Getting sessions for all scopes...
2026-08-02 13:04:03.084 [info] Got 1 sessions for ...
2026-08-02 13:04:06.229 [info] Getting sessions for all scopes...
2026-08-02 13:04:06.230 [info] Got 1 sessions for ...
2026-08-02 13:04:06.324 [info] Getting sessions for all scopes...
2026-08-02 13:04:06.324 [info] Got 1 sessions for ...
2026-08-02 13:04:06.349 [info] Getting sessions for all scopes...
2026-08-02 13:04:06.349 [info] Got 1 sessions for ...
2026-08-02 13:04:06.381 [info] Getting sessions for all scopes...
2026-08-02 13:04:06.381 [info] Got 1 sessions for ...
2026-08-02 13:04:06.871 [info] Getting sessions for all scopes...
2026-08-02 13:04:06.871 [info] Got 1 sessions for ...
2026-08-02 13:04:06.871 [info] Getting sessions for all scopes...
2026-08-02 13:04:06.871 [info] Got 1 sessions for ...
2026-08-02 13:04:06.945 [info] Getting sessions for all scopes...
2026-08-02 13:04:06.945 [info] Got 1 sessions for ...
2026-08-02 13:04:06.953 [info] Getting sessions for all scopes...
2026-08-02 13:04:06.953 [info] Got 1 sessions for ...
2026-08-02 13:04:06.971 [info] Getting sessions for all scopes...
2026-08-02 13:04:06.971 [info] Got 1 sessions for ...
2026-08-02 13:04:07.168 [info] Getting sessions for read:user,repo,user:email,workflow...
2026-08-02 13:04:07.168 [info] Got 1 sessions for read:user,repo,user:email,workflow...
2026-08-02 13:04:07.374 [info] Getting sessions for read:user,repo,user:email,workflow...
2026-08-02 13:04:07.374 [info] Got 1 sessions for read:user,repo,user:email,workflow...
2026-08-02 13:04:07.384 [info] Getting sessions for all scopes...
2026-08-02 13:04:07.384 [info] Got 1 sessions for ...
2026-08-02 13:04:07.384 [info] Getting sessions for all scopes...
2026-08-02 13:04:07.384 [info] Got 1 sessions for ...
2026-08-02 13:04:07.455 [info] Getting sessions for read:user,repo,user:email,workflow...
2026-08-02 13:04:07.455 [info] Got 1 sessions for read:user,repo,user:email,workflow...
