2026-08-18 15:40:36.942 [info] Reading sessions from keychain...
2026-08-18 15:40:36.942 [info] Getting sessions for all scopes...
2026-08-18 15:40:36.942 [info] Got stored sessions!
2026-08-18 15:40:36.942 [info] Got 1 verified sessions.
2026-08-18 15:40:36.942 [info] Got 1 sessions for ...
2026-08-18 15:40:36.942 [info] Getting sessions for all scopes...
2026-08-18 15:40:36.942 [info] Got 1 sessions for ...
2026-08-18 15:40:36.942 [info] Getting sessions for all scopes...
2026-08-18 15:40:36.942 [info] Got 1 sessions for ...
2026-08-18 15:40:36.942 [info] Getting sessions for all scopes...
2026-08-18 15:40:36.942 [info] Got 1 sessions for ...
2026-08-18 15:40:36.942 [info] Getting sessions for all scopes...
2026-08-18 15:40:36.942 [info] Got 1 sessions for ...
2026-08-18 15:40:38.202 [info] Getting sessions for all scopes...
2026-08-18 15:40:38.202 [info] Got 1 sessions for ...
2026-08-18 15:40:38.557 [info] Getting sessions for all scopes...
2026-08-18 15:40:38.557 [info] Got 1 sessions for ...
2026-08-18 15:40:38.919 [info] Getting sessions for all scopes...
2026-08-18 15:40:38.919 [info] Got 1 sessions for ...
2026-08-18 15:40:39.253 [info] Getting sessions for all scopes...
2026-08-18 15:40:39.253 [info] Got 1 sessions for ...
2026-08-18 15:40:39.267 [info] Getting sessions for all scopes...
2026-08-18 15:40:39.267 [info] Got 1 sessions for ...
2026-08-18 15:40:46.203 [info] Getting sessions for all scopes...
2026-08-18 15:40:46.204 [info] Got 1 sessions for ...
2026-08-18 15:40:46.212 [info] Getting sessions for all scopes...
2026-08-18 15:40:46.212 [info] Got 1 sessions for ...
2026-08-18 15:40:49.790 [info] Getting sessions for all scopes...
2026-08-18 15:40:49.790 [info] Got 1 sessions for ...
2026-08-18 15:40:49.796 [info] Getting sessions for all scopes...
2026-08-18 15:40:49.796 [info] Got 1 sessions for ...
2026-08-18 15:40:53.625 [info] Getting sessions for all scopes...
2026-08-18 15:40:53.625 [info] Got 1 sessions for ...
2026-08-18 15:40:54.925 [info] Getting sessions for all scopes...
2026-08-18 15:40:54.925 [info] Got 1 sessions for ...
2026-08-18 15:40:56.026 [info] Getting sessions for all scopes...
2026-08-18 15:40:56.026 [info] Got 1 sessions for ...
2026-08-18 15:41:00.673 [info] Getting sessions for all scopes...
2026-08-18 15:41:00.673 [info] Got 1 sessions for ...
2026-08-18 15:41:09.277 [info] Getting sessions for all scopes...
2026-08-18 15:41:09.277 [info] Got 1 sessions for ...
2026-08-18 15:41:09.279 [info] Getting sessions for all scopes...
2026-08-18 15:41:09.279 [info] Got 1 sessions for ...
2026-08-18 15:41:15.116 [info] Getting sessions for all scopes...
2026-08-18 15:41:15.116 [info] Got 1 sessions for ...
2026-08-18 15:42:24.288 [info] Getting sessions for all scopes...
2026-08-18 15:42:24.288 [info] Got 1 sessions for ...
2026-08-18 15:42:24.293 [info] Getting sessions for all scopes...
2026-08-18 15:42:24.293 [info] Got 1 sessions for ...
2026-08-18 15:42:59.846 [info] Getting sessions for all scopes...
2026-08-18 15:42:59.846 [info] Got 1 sessions for ...
2026-08-18 15:42:59.847 [info] Getting sessions for all scopes...
2026-08-18 15:42:59.847 [info] Got 1 sessions for ...
2026-08-18 15:43:06.170 [info] Getting sessions for all scopes...
2026-08-18 15:43:06.170 [info] Got 1 sessions for ...
2026-08-18 15:43:06.178 [info] Getting sessions for all scopes...
2026-08-18 15:43:06.178 [info] Got 1 sessions for ...
2026-08-18 15:43:18.015 [info] Getting sessions for all scopes...
2026-08-18 15:43:18.017 [info] Got 1 sessions for ...
2026-08-18 15:43:18.025 [info] Getting sessions for all scopes...
2026-08-18 15:43:18.025 [info] Got 1 sessions for ...
2026-08-18 15:43:57.711 [info] Getting sessions for all scopes...
2026-08-18 15:43:57.711 [info] Got 1 sessions for ...
2026-08-18 15:43:57.717 [info] Getting sessions for all scopes...
2026-08-18 15:43:57.717 [info] Got 1 sessions for ...
2026-08-18 15:44:23.703 [info] Getting sessions for all scopes...
2026-08-18 15:44:23.703 [info] Got 1 sessions for ...
2026-08-18 15:44:23.717 [info] Getting sessions for all scopes...
2026-08-18 15:44:23.717 [info] Got 1 sessions for ...
2026-08-18 15:44:47.896 [info] Getting sessions for all scopes...
2026-08-18 15:44:47.896 [info] Got 1 sessions for ...
2026-08-18 15:44:47.898 [info] Getting sessions for all scopes...
2026-08-18 15:44:47.898 [info] Got 1 sessions for ...
2026-08-18 15:45:05.361 [info] Getting sessions for all scopes...
2026-08-18 15:45:05.361 [info] Got 1 sessions for ...
2026-08-18 15:45:05.366 [info] Getting sessions for all scopes...
2026-08-18 15:45:05.366 [info] Got 1 sessions for ...
2026-08-18 15:45:36.420 [info] Getting sessions for all scopes...
2026-08-18 15:45:36.420 [info] Got 1 sessions for ...
2026-08-18 15:45:36.425 [info] Getting sessions for all scopes...
2026-08-18 15:45:36.425 [info] Got 1 sessions for ...
2026-08-18 15:46:19.135 [info] Getting sessions for all scopes...
2026-08-18 15:46:19.135 [info] Got 1 sessions for ...
2026-08-18 15:46:19.138 [info] Getting sessions for all scopes...
2026-08-18 15:46:19.138 [info] Got 1 sessions for ...
2026-08-18 15:46:28.076 [info] Getting sessions for all scopes...
2026-08-18 15:46:28.078 [info] Got 1 sessions for ...
2026-08-18 15:46:28.085 [info] Getting sessions for all scopes...
2026-08-18 15:46:28.085 [info] Got 1 sessions for ...
2026-08-18 15:46:29.949 [info] Getting sessions for all scopes...
2026-08-18 15:46:29.949 [info] Got 1 sessions for ...
2026-08-18 15:46:33.863 [info] Getting sessions for all scopes...
2026-08-18 15:46:33.863 [info] Got 1 sessions for ...
2026-08-18 15:46:59.596 [info] Getting sessions for all scopes...
2026-08-18 15:46:59.596 [info] Got 1 sessions for ...
2026-08-18 15:46:59.599 [info] Getting sessions for all scopes...
2026-08-18 15:46:59.599 [info] Got 1 sessions for ...
2026-08-18 15:47:01.640 [info] Getting sessions for all scopes...
2026-08-18 15:47:01.641 [info] Got 1 sessions for ...
2026-08-18 15:47:01.644 [info] Getting sessions for all scopes...
2026-08-18 15:47:01.644 [info] Got 1 sessions for ...
2026-08-18 15:47:21.498 [info] Getting sessions for all scopes...
2026-08-18 15:47:21.498 [info] Got 1 sessions for ...
2026-08-18 15:47:21.499 [info] Getting sessions for all scopes...
2026-08-18 15:47:21.499 [info] Got 1 sessions for ...
2026-08-18 15:47:26.438 [info] Getting sessions for all scopes...
2026-08-18 15:47:26.438 [info] Got 1 sessions for ...
2026-08-18 15:47:26.444 [info] Getting sessions for all scopes...
2026-08-18 15:47:26.445 [info] Got 1 sessions for ...
2026-08-18 15:47:36.774 [info] Getting sessions for all scopes...
2026-08-18 15:47:36.774 [info] Got 1 sessions for ...
2026-08-18 15:47:36.785 [info] Getting sessions for all scopes...
2026-08-18 15:47:36.785 [info] Got 1 sessions for ...
2026-08-18 15:47:50.201 [info] Getting sessions for all scopes...
2026-08-18 15:47:50.201 [info] Got 1 sessions for ...
2026-08-18 15:47:50.202 [info] Getting sessions for all scopes...
2026-08-18 15:47:50.202 [info] Got 1 sessions for ...
2026-08-18 15:48:11.411 [info] Getting sessions for all scopes...
2026-08-18 15:48:11.411 [info] Got 1 sessions for ...
2026-08-18 15:48:11.417 [info] Getting sessions for all scopes...
2026-08-18 15:48:11.417 [info] Got 1 sessions for ...
2026-08-18 15:48:12.665 [info] Getting sessions for all scopes...
2026-08-18 15:48:12.665 [info] Got 1 sessions for ...
2026-08-18 15:48:12.665 [info] Getting sessions for all scopes...
2026-08-18 15:48:12.665 [info] Got 1 sessions for ...
2026-08-18 16:36:43.175 [info] Getting sessions for all scopes...
2026-08-18 16:36:43.175 [info] Got 1 sessions for ...
2026-08-18 16:36:43.181 [info] Getting sessions for all scopes...
2026-08-18 16:36:43.181 [info] Got 1 sessions for ...
2026-08-18 16:36:45.655 [info] Getting sessions for all scopes...
2026-08-18 16:36:45.656 [info] Got 1 sessions for ...
2026-08-18 16:36:45.666 [info] Getting sessions for all scopes...
2026-08-18 16:36:45.666 [info] Got 1 sessions for ...
2026-08-18 16:36:49.777 [info] Getting sessions for all scopes...
2026-08-18 16:36:49.777 [info] Got 1 sessions for ...
2026-08-18 16:36:49.782 [info] Getting sessions for all scopes...
2026-08-18 16:36:49.782 [info] Got 1 sessions for ...
2026-08-18 16:37:29.057 [info] Getting sessions for all scopes...
2026-08-18 16:37:29.058 [info] Got 1 sessions for ...
2026-08-18 16:37:29.067 [info] Getting sessions for all scopes...
2026-08-18 16:37:29.067 [info] Got 1 sessions for ...
2026-08-18 16:39:16.429 [info] Getting sessions for all scopes...
2026-08-18 16:39:16.429 [info] Got 1 sessions for ...
2026-08-18 16:39:16.437 [info] Getting sessions for all scopes...
2026-08-18 16:39:16.437 [info] Got 1 sessions for ...
2026-08-18 16:42:29.854 [info] Getting sessions for all scopes...
2026-08-18 16:42:29.854 [info] Got 1 sessions for ...
2026-08-18 16:42:29.882 [info] Getting sessions for all scopes...
2026-08-18 16:42:29.882 [info] Got 1 sessions for ...
2026-08-18 16:42:35.402 [info] Getting sessions for all scopes...
2026-08-18 16:42:35.402 [info] Got 1 sessions for ...
2026-08-18 16:42:35.416 [info] Getting sessions for all scopes...
2026-08-18 16:42:35.416 [info] Got 1 sessions for ...
2026-08-18 17:08:26.335 [info] Getting sessions for all scopes...
2026-08-18 17:08:26.346 [info] Got 1 sessions for ...
2026-08-18 17:08:26.374 [info] Getting sessions for all scopes...
2026-08-18 17:08:26.374 [info] Got 1 sessions for ...
2026-08-18 18:33:41.779 [info] Getting sessions for all scopes...
2026-08-18 18:33:41.789 [info] Got 1 sessions for ...
2026-08-18 18:33:41.878 [info] Getting sessions for all scopes...
2026-08-18 18:33:41.878 [info] Got 1 sessions for ...
2026-08-18 19:18:25.394 [info] Getting sessions for all scopes...
2026-08-18 19:18:25.394 [info] Got 1 sessions for ...
2026-08-18 19:18:25.399 [info] Getting sessions for all scopes...
2026-08-18 19:18:25.399 [info] Got 1 sessions for ...
2026-08-18 19:28:59.643 [info] Getting sessions for all scopes...
2026-08-18 19:28:59.647 [info] Got 1 sessions for ...
2026-08-18 19:28:59.650 [info] Getting sessions for all scopes...
2026-08-18 19:28:59.650 [info] Got 1 sessions for ...
2026-08-18 19:29:04.609 [info] Getting sessions for all scopes...
2026-08-18 19:29:04.610 [info] Got 1 sessions for ...
2026-08-18 19:29:04.620 [info] Getting sessions for all scopes...
2026-08-18 19:29:04.620 [info] Got 1 sessions for ...
