2026-08-01 18:33:57.249 [info] [main] Log level: Info
2026-08-01 18:33:57.249 [info] [main] Validating found git in: "git"
2026-08-01 18:33:57.249 [info] [main] Using git "2.55.0" from "git"
2026-08-01 18:33:57.249 [info] [Model][doInitialScan] Initial repository scan started
2026-08-01 18:33:57.249 [info] > git rev-parse --show-toplevel [37ms]
2026-08-01 18:33:57.249 [info] fatal: not a git repository (or any of the parent directories): .git
2026-08-01 18:33:57.271 [info] > git rev-parse --show-toplevel [7ms]
2026-08-01 18:33:57.271 [info] fatal: not a git repository (or any of the parent directories): .git
2026-08-01 18:33:59.940 [info] > git rev-parse --show-toplevel [2644ms]
2026-08-01 18:33:59.940 [info] fatal: not a git repository (or any of the parent directories): .git
2026-08-01 18:34:00.421 [info] > git rev-parse --show-toplevel [165ms]
2026-08-01 18:34:00.421 [info] fatal: not a git repository (or any of the parent directories): .git
2026-08-01 18:34:00.424 [info] [Model][doInitialScan] Initial repository scan completed - repositories (0), closed repositories (0), parent repositories (0), unsafe repositories (0)
2026-08-01 18:34:00.475 [info] > git rev-parse --show-toplevel [21ms]
2026-08-01 18:34:00.475 [info] fatal: not a git repository (or any of the parent directories): .git
2026-08-01 18:34:00.487 [info] > git rev-parse --show-toplevel [6ms]
2026-08-01 18:34:00.487 [info] fatal: not a git repository (or any of the parent directories): .git
2026-08-01 18:34:00.498 [info] > git rev-parse --show-toplevel [5ms]
2026-08-01 18:34:00.498 [info] fatal: not a git repository (or any of the parent directories): .git
2026-08-01 18:34:00.506 [info] > git rev-parse --show-toplevel [2ms]
2026-08-01 18:34:00.506 [info] fatal: not a git repository (or any of the parent directories): .git
2026-08-01 18:34:00.515 [info] > git rev-parse --show-toplevel [3ms]
2026-08-01 18:34:00.515 [info] fatal: not a git repository (or any of the parent directories): .git
2026-08-01 18:34:00.522 [info] > git rev-parse --show-toplevel [1ms]
2026-08-01 18:34:00.522 [info] fatal: not a git repository (or any of the parent directories): .git
2026-08-01 18:34:01.814 [info] > git rev-parse --show-toplevel [12ms]
2026-08-01 18:34:01.814 [info] fatal: not a git repository (or any of the parent directories): .git
2026-08-01 18:34:01.837 [info] > git rev-parse --show-toplevel [4ms]
2026-08-01 18:34:01.837 [info] fatal: not a git repository (or any of the parent directories): .git
