2026-08-02 14:49:14.304 [info] Reading sessions from keychain...
2026-08-02 14:49:14.304 [info] Getting sessions for all scopes...
2026-08-02 14:49:14.304 [info] Got stored sessions!
2026-08-02 14:49:14.304 [info] Got 1 verified sessions.
2026-08-02 14:49:14.304 [info] Got 1 sessions for ...
2026-08-02 14:49:14.304 [info] Getting sessions for all scopes...
2026-08-02 14:49:14.304 [info] Got 1 sessions for ...
2026-08-02 14:49:14.304 [info] Getting sessions for all scopes...
2026-08-02 14:49:14.304 [info] Got 1 sessions for ...
2026-08-02 14:49:14.304 [info] Getting sessions for all scopes...
2026-08-02 14:49:14.304 [info] Got 1 sessions for ...
2026-08-02 14:49:14.304 [info] Getting sessions for all scopes...
2026-08-02 14:49:14.304 [info] Got 1 sessions for ...
2026-08-02 14:49:14.304 [info] Getting sessions for all scopes...
2026-08-02 14:49:14.304 [info] Got 1 sessions for ...
2026-08-02 14:49:14.304 [info] Getting sessions for all scopes...
2026-08-02 14:49:14.304 [info] Got 1 sessions for ...
2026-08-02 14:49:14.304 [info] Getting sessions for all scopes...
2026-08-02 14:49:14.304 [info] Got 1 sessions for ...
2026-08-02 14:49:14.304 [info] Getting sessions for all scopes...
2026-08-02 14:49:14.304 [info] Got 1 sessions for ...
2026-08-02 14:49:14.304 [info] Getting sessions for all scopes...
2026-08-02 14:49:14.304 [info] Got 1 sessions for ...
2026-08-02 14:49:14.304 [info] Getting sessions for read:user,repo,user:email,workflow...
2026-08-02 14:49:14.304 [info] Got 1 sessions for read:user,repo,user:email,workflow...
2026-08-02 14:49:14.539 [info] Getting sessions for all scopes...
2026-08-02 14:49:14.539 [info] Got 1 sessions for ...
2026-08-02 14:49:14.552 [info] Getting sessions for read:user,repo,user:email,workflow...
2026-08-02 14:49:14.552 [info] Got 1 sessions for read:user,repo,user:email,workflow...
2026-08-02 14:49:15.227 [info] Getting sessions for all scopes...
2026-08-02 14:49:15.227 [info] Got 1 sessions for ...
2026-08-02 14:49:15.227 [info] Getting sessions for all scopes...
2026-08-02 14:49:15.227 [info] Got 1 sessions for ...
2026-08-02 14:49:15.253 [info] Getting sessions for read:user,repo,user:email,workflow...
2026-08-02 14:49:15.253 [info] Got 1 sessions for read:user,repo,user:email,workflow...
2026-08-02 14:49:15.810 [info] Getting sessions for all scopes...
2026-08-02 14:49:15.810 [info] Got 1 sessions for ...
2026-08-02 14:49:15.811 [info] Getting sessions for read:user,repo,user:email,workflow...
2026-08-02 14:49:15.811 [info] Got 1 sessions for read:user,repo,user:email,workflow...
2026-08-02 14:49:15.998 [info] Getting sessions for all scopes...
2026-08-02 14:49:15.998 [info] Got 1 sessions for ...
2026-08-02 14:49:15.999 [info] Getting sessions for read:user,repo,user:email,workflow...
2026-08-02 14:49:15.999 [info] Got 1 sessions for read:user,repo,user:email,workflow...
2026-08-02 14:49:16.433 [info] Getting sessions for all scopes...
2026-08-02 14:49:16.433 [info] Got 1 sessions for ...
2026-08-02 14:49:16.438 [info] Getting sessions for read:user,repo,user:email,workflow...
2026-08-02 14:49:16.438 [info] Got 1 sessions for read:user,repo,user:email,workflow...
2026-08-02 14:49:20.443 [info] Getting sessions for all scopes...
2026-08-02 14:49:20.443 [info] Got 1 sessions for ...
2026-08-02 14:49:20.445 [info] Getting sessions for all scopes...
2026-08-02 14:49:20.445 [info] Got 1 sessions for ...
