2026-08-01 18:39:21.845 [info] [main] Log level: Info
2026-08-01 18:39:21.845 [info] [main] Validating found git in: "git"
2026-08-01 18:39:21.845 [info] [main] Using git "2.55.0" from "git"
2026-08-01 18:39:21.845 [info] [Model][doInitialScan] Initial repository scan started
2026-08-01 18:39:21.845 [info] > git rev-parse --show-toplevel [57ms]
2026-08-01 18:39:21.874 [info] > git rev-parse --git-dir --git-common-dir --show-superproject-working-tree [11ms]
2026-08-01 18:39:21.912 [info] [Model][openRepository] Opened repository (path): /home/faizal/.dotfiles
2026-08-01 18:39:21.912 [info] [Model][openRepository] Opened repository (real path): /home/faizal/.dotfiles
2026-08-01 18:39:21.912 [info] [Model][openRepository] Opened repository (kind): repository
2026-08-01 18:39:21.961 [info] > git config --get commit.template [22ms]
2026-08-01 18:39:21.962 [info] > git config --get --local core.virtualfilesystem [33ms]
2026-08-01 18:39:21.962 [warning] [Git][config] git config failed: Failed to execute git
2026-08-01 18:39:21.970 [info] > git rev-parse --show-toplevel [20ms]
2026-08-01 18:39:21.998 [info] > git rev-parse --show-toplevel [4ms]
2026-08-01 18:39:21.998 [info] > git for-each-ref --format=%(refname)%00%(upstream:short)%00%(objectname)%00%(upstream:track)%00%(upstream:remotename)%00%(upstream:remoteref) refs/heads/main refs/remotes/main [18ms]
2026-08-01 18:39:22.030 [info] > git rev-parse --show-toplevel [22ms]
2026-08-01 18:39:22.043 [info] > git status -z -uall [23ms]
2026-08-01 18:39:22.044 [info] > git for-each-ref --sort -committerdate --format %(refname)%00%(objectname)%00%(*objectname) [15ms]
2026-08-01 18:39:22.098 [info] > git config --get commit.template [3ms]
2026-08-01 18:39:22.098 [info] > git for-each-ref --format=%(refname)%00%(upstream:short)%00%(objectname)%00%(upstream:track)%00%(upstream:remotename)%00%(upstream:remoteref) refs/heads/main refs/remotes/main [17ms]
2026-08-01 18:39:22.104 [info] > git rev-parse --show-toplevel [62ms]
2026-08-01 18:39:22.105 [info] [Model][doInitialScan] Initial repository scan completed - repositories (1), closed repositories (0), parent repositories (0), unsafe repositories (0)
2026-08-01 18:39:22.110 [info] > git config --get --local branch.main.vscode-merge-base [6ms]
2026-08-01 18:39:22.110 [warning] [Git][config] git config failed: Failed to execute git
2026-08-01 18:39:22.132 [info] > git reflog main --grep-reflog=branch: Created from *. [15ms]
2026-08-01 18:39:22.140 [info] > git symbolic-ref --short refs/remotes/origin/HEAD [2ms]
2026-08-01 18:39:22.140 [info] fatal: ref refs/remotes/origin/HEAD is not a symbolic ref
2026-08-01 18:39:22.140 [warning] [Repository][getDefaultBranch] Failed to get default branch details: Failed to execute git.
2026-08-01 18:39:22.146 [info] > git for-each-ref --format=%(refname)%00%(upstream:short)%00%(objectname)%00%(upstream:track)%00%(upstream:remotename)%00%(upstream:remoteref) refs/heads/main refs/remotes/main [15ms]
2026-08-01 18:39:22.155 [info] > git merge-base refs/heads/main refs/remotes/origin/main [10ms]
2026-08-01 18:39:22.179 [info] > git status -z -uall [9ms]
2026-08-01 18:39:22.179 [info] > git diff --raw --numstat --diff-filter=ADMR -z --find-renames=50% 18e1b552e77f7559829691cf6b608a54739a7acd...refs/remotes/origin/main -- [16ms]
2026-08-01 18:39:22.180 [info] > git for-each-ref --sort -committerdate --format %(refname)%00%(objectname)%00%(*objectname) [5ms]
2026-08-01 18:39:22.825 [info] > git check-ignore -v -z --stdin [40ms]
2026-08-01 18:39:22.826 [info] > git config --get commit.template [50ms]
2026-08-01 18:39:22.847 [info] > git for-each-ref --format=%(refname)%00%(upstream:short)%00%(objectname)%00%(upstream:track)%00%(upstream:remotename)%00%(upstream:remoteref) refs/heads/main refs/remotes/main [6ms]
2026-08-01 18:39:22.865 [info] > git status -z -uall [9ms]
2026-08-01 18:39:22.884 [info] > git for-each-ref --sort -committerdate --format %(refname)%00%(objectname)%00%(*objectname) [20ms]
2026-08-01 18:39:26.494 [info] > git check-ignore -v -z --stdin [3ms]
2026-08-01 18:39:28.862 [info] > git check-ignore -v -z --stdin [5ms]
2026-08-01 18:39:31.128 [info] > git check-ignore -v -z --stdin [4ms]
2026-08-01 18:39:33.704 [info] > git check-ignore -v -z --stdin [7ms]
2026-08-01 18:39:35.903 [info] > git check-ignore -v -z --stdin [5ms]
2026-08-01 18:39:53.916 [info] > git check-ignore -v -z --stdin [4ms]
2026-08-01 18:40:02.942 [info] > git check-ignore -v -z --stdin [3ms]
2026-08-01 18:40:57.770 [info] > git config --get commit.template [9ms]
2026-08-01 18:40:57.770 [info] > git for-each-ref --format=%(refname)%00%(upstream:short)%00%(objectname)%00%(upstream:track)%00%(upstream:remotename)%00%(upstream:remoteref) refs/heads/main refs/remotes/main [2ms]
2026-08-01 18:40:57.788 [info] > git status -z -uall [9ms]
2026-08-01 18:40:57.790 [info] > git for-each-ref --sort -committerdate --format %(refname)%00%(objectname)%00%(*objectname) [3ms]
2026-08-01 18:41:27.452 [info] > git config --get commit.template [16ms]
2026-08-01 18:41:27.453 [info] > git for-each-ref --format=%(refname)%00%(upstream:short)%00%(objectname)%00%(upstream:track)%00%(upstream:remotename)%00%(upstream:remoteref) refs/heads/main refs/remotes/main [4ms]
2026-08-01 18:41:27.479 [info] > git status -z -uall [10ms]
2026-08-01 18:41:27.480 [info] > git for-each-ref --sort -committerdate --format %(refname)%00%(objectname)%00%(*objectname) [3ms]
2026-08-01 18:44:58.968 [info] > git config --get commit.template [8ms]
2026-08-01 18:44:58.968 [info] > git for-each-ref --format=%(refname)%00%(upstream:short)%00%(objectname)%00%(upstream:track)%00%(upstream:remotename)%00%(upstream:remoteref) refs/heads/main refs/remotes/main [1ms]
2026-08-01 18:44:58.982 [info] > git status -z -uall [8ms]
2026-08-01 18:44:58.983 [info] > git for-each-ref --sort -committerdate --format %(refname)%00%(objectname)%00%(*objectname) [2ms]
2026-08-01 18:44:59.008 [info] > git merge-base refs/heads/main refs/remotes/origin/main [5ms]
2026-08-01 18:44:59.018 [info] > git diff --raw --numstat --diff-filter=ADMR -z --find-renames=50% 18e1b552e77f7559829691cf6b608a54739a7acd...refs/remotes/origin/main -- [2ms]
2026-08-01 18:45:30.223 [info] > git config --get commit.template [11ms]
2026-08-01 18:45:30.224 [info] > git for-each-ref --format=%(refname)%00%(upstream:short)%00%(objectname)%00%(upstream:track)%00%(upstream:remotename)%00%(upstream:remoteref) refs/heads/main refs/remotes/main [2ms]
2026-08-01 18:45:30.249 [info] > git status -z -uall [15ms]
2026-08-01 18:45:30.253 [info] > git for-each-ref --sort -committerdate --format %(refname)%00%(objectname)%00%(*objectname) [5ms]
2026-08-01 18:45:30.278 [info] > git merge-base refs/heads/main refs/remotes/origin/main [5ms]
2026-08-01 18:45:30.291 [info] > git diff --raw --numstat --diff-filter=ADMR -z --find-renames=50% fd5ba6f3e28ec93bb3afde8d066ea7fff8af0ca2...refs/remotes/origin/main -- [2ms]
2026-08-01 18:49:24.197 [info] > git check-ignore -v -z --stdin [9ms]
2026-08-01 18:49:25.601 [info] > git check-ignore -v -z --stdin [2ms]
2026-08-01 18:49:26.770 [info] > git check-ignore -v -z --stdin [1ms]
2026-08-01 18:49:28.897 [info] > git check-ignore -v -z --stdin [1ms]
2026-08-01 18:49:29.035 [info] > git show --textconv :waybar/waybar/config.jsonc [22ms]
2026-08-01 18:49:29.042 [info] > git ls-files --stage -- waybar/waybar/config.jsonc [16ms]
2026-08-01 18:49:29.076 [info] > git cat-file -s 42b173e782b5e9573710b1d777d48bb75afee386 [12ms]
2026-08-01 18:49:29.399 [info] > git blame --root --incremental fd5ba6f3e28ec93bb3afde8d066ea7fff8af0ca2 -- waybar/waybar/config.jsonc [12ms]
2026-08-01 18:49:31.897 [info] > git check-ignore -v -z --stdin [3ms]
2026-08-01 18:49:33.851 [info] > git config --get commit.template [15ms]
2026-08-01 18:49:33.853 [info] > git for-each-ref --format=%(refname)%00%(upstream:short)%00%(objectname)%00%(upstream:track)%00%(upstream:remotename)%00%(upstream:remoteref) refs/heads/main refs/remotes/main [4ms]
2026-08-01 18:49:33.887 [info] > git status -z -uall [21ms]
2026-08-01 18:49:33.889 [info] > git for-each-ref --sort -committerdate --format %(refname)%00%(objectname)%00%(*objectname) [3ms]
2026-08-01 18:49:34.212 [info] > git check-ignore -v -z --stdin [2ms]
2026-08-01 18:49:41.543 [info] > git check-ignore -v -z --stdin [2ms]
2026-08-01 18:49:44.340 [info] > git config --get commit.template [9ms]
2026-08-01 18:49:44.341 [info] > git for-each-ref --format=%(refname)%00%(upstream:short)%00%(objectname)%00%(upstream:track)%00%(upstream:remotename)%00%(upstream:remoteref) refs/heads/main refs/remotes/main [2ms]
2026-08-01 18:49:44.361 [info] > git status -z -uall [10ms]
2026-08-01 18:49:44.362 [info] > git for-each-ref --sort -committerdate --format %(refname)%00%(objectname)%00%(*objectname) [2ms]
2026-08-01 18:49:44.692 [info] > git check-ignore -v -z --stdin [3ms]
