2026-08-16 19:07:01.851 [info] Reading sessions from keychain...
2026-08-16 19:07:01.851 [info] Getting sessions for all scopes...
2026-08-16 19:07:01.851 [info] Got stored sessions!
2026-08-16 19:07:01.851 [info] Got 1 verified sessions.
2026-08-16 19:07:01.851 [info] Got 1 sessions for ...
2026-08-16 19:07:01.851 [info] Getting sessions for all scopes...
2026-08-16 19:07:01.851 [info] Got 1 sessions for ...
2026-08-16 19:07:01.890 [info] Getting sessions for all scopes...
2026-08-16 19:07:01.890 [info] Got 1 sessions for ...
2026-08-16 19:07:02.039 [info] Getting sessions for all scopes...
2026-08-16 19:07:02.039 [info] Got 1 sessions for ...
2026-08-16 19:07:02.541 [info] Getting sessions for all scopes...
2026-08-16 19:07:02.541 [info] Got 1 sessions for ...
2026-08-16 19:07:05.164 [info] Getting sessions for all scopes...
2026-08-16 19:07:05.164 [info] Got 1 sessions for ...
2026-08-16 19:07:05.167 [info] Getting sessions for all scopes...
2026-08-16 19:07:05.167 [info] Got 1 sessions for ...
2026-08-16 19:07:05.188 [info] Getting sessions for all scopes...
2026-08-16 19:07:05.188 [info] Got 1 sessions for ...
2026-08-16 19:07:05.192 [info] Getting sessions for all scopes...
2026-08-16 19:07:05.192 [info] Got 1 sessions for ...
