2026-08-02 13:04:03.440 [info] [main] Log level: Info
2026-08-02 13:04:03.440 [info] [main] Validating found git in: "git"
2026-08-02 13:04:03.440 [info] [main] Using git "2.55.0" from "git"
2026-08-02 13:04:03.440 [info] [Model][doInitialScan] Initial repository scan started
2026-08-02 13:04:03.440 [info] > git rev-parse --show-toplevel [16ms]
2026-08-02 13:04:03.446 [info] > git rev-parse --git-dir --git-common-dir --show-superproject-working-tree [7ms]
2026-08-02 13:04:05.941 [info] [Model][openRepository] Opened repository (path): /home/faizal/.dotfiles
2026-08-02 13:04:05.941 [info] [Model][openRepository] Opened repository (real path): /home/faizal/.dotfiles
2026-08-02 13:04:05.941 [info] [Model][openRepository] Opened repository (kind): repository
2026-08-02 13:04:05.976 [info] > git config --get --local core.virtualfilesystem [24ms]
2026-08-02 13:04:05.976 [warning] [Git][config] git config failed: Failed to execute git
2026-08-02 13:04:06.445 [info] > git config --get commit.template [482ms]
2026-08-02 13:04:06.844 [info] > git rev-parse --show-toplevel [875ms]
2026-08-02 13:04:07.078 [info] > git check-ignore -v -z --stdin [225ms]
2026-08-02 13:04:07.080 [info] > git check-ignore -v -z --stdin [85ms]
2026-08-02 13:04:07.095 [info] > git rev-parse --show-toplevel [107ms]
2026-08-02 13:04:07.095 [info] > git for-each-ref --format=%(refname)%00%(upstream:short)%00%(objectname)%00%(upstream:track)%00%(upstream:remotename)%00%(upstream:remoteref) refs/heads/main refs/remotes/main [116ms]
2026-08-02 13:04:07.126 [info] > git rev-parse --show-toplevel [14ms]
2026-08-02 13:04:07.173 [info] > git status -z -uall [23ms]
2026-08-02 13:04:07.175 [info] > git rev-parse --show-toplevel [8ms]
2026-08-02 13:04:07.176 [info] > git for-each-ref --sort -committerdate --format %(refname)%00%(objectname)%00%(*objectname) [17ms]
2026-08-02 13:04:07.275 [info] > git config --get commit.template [19ms]
2026-08-02 13:04:07.275 [info] > git for-each-ref --format=%(refname)%00%(upstream:short)%00%(objectname)%00%(upstream:track)%00%(upstream:remotename)%00%(upstream:remoteref) refs/heads/main refs/remotes/main [51ms]
2026-08-02 13:04:07.299 [info] > git config --get --local branch.main.vscode-merge-base [14ms]
2026-08-02 13:04:07.299 [warning] [Git][config] git config failed: Failed to execute git
2026-08-02 13:04:07.309 [info] > git rev-parse --show-toplevel [72ms]
2026-08-02 13:04:07.309 [info] [Model][doInitialScan] Initial repository scan completed - repositories (1), closed repositories (0), parent repositories (0), unsafe repositories (0)
2026-08-02 13:04:07.346 [info] > git show --textconv :waybar/waybar/config.jsonc [25ms]
2026-08-02 13:04:07.347 [info] > git reflog main --grep-reflog=branch: Created from *. [39ms]
2026-08-02 13:04:07.364 [info] > git ls-files --stage -- waybar/waybar/config.jsonc [34ms]
2026-08-02 13:04:07.375 [info] > git symbolic-ref --short refs/remotes/origin/HEAD [18ms]
2026-08-02 13:04:07.375 [info] fatal: ref refs/remotes/origin/HEAD is not a symbolic ref
2026-08-02 13:04:07.375 [warning] [Repository][getDefaultBranch] Failed to get default branch details: Failed to execute git.
2026-08-02 13:04:07.383 [info] > git for-each-ref --format=%(refname)%00%(upstream:short)%00%(objectname)%00%(upstream:track)%00%(upstream:remotename)%00%(upstream:remoteref) refs/heads/main refs/remotes/main [38ms]
2026-08-02 13:04:07.385 [info] > git cat-file -s 42b173e782b5e9573710b1d777d48bb75afee386 [15ms]
2026-08-02 13:04:07.419 [info] > git merge-base refs/heads/main refs/remotes/origin/main [37ms]
2026-08-02 13:04:07.432 [info] > git diff --raw --numstat --diff-filter=ADMR -z --find-renames=50% fd5ba6f3e28ec93bb3afde8d066ea7fff8af0ca2...refs/remotes/origin/main -- [4ms]
2026-08-02 13:04:07.464 [info] > git status -z -uall [18ms]
2026-08-02 13:04:07.466 [info] > git check-ignore -v -z --stdin [3ms]
2026-08-02 13:04:07.467 [info] > git for-each-ref --sort -committerdate --format %(refname)%00%(objectname)%00%(*objectname) [13ms]
2026-08-02 13:04:07.503 [info] > git blame --root --incremental fd5ba6f3e28ec93bb3afde8d066ea7fff8af0ca2 -- waybar/waybar/config.jsonc [9ms]
