2026-08-13 18:42:12.597 [info] Reading sessions from keychain...
2026-08-13 18:42:12.599 [info] Getting sessions for all scopes...
2026-08-13 18:42:13.468 [info] Got stored sessions!
2026-08-13 18:42:13.468 [info] Got 1 verified sessions.
2026-08-13 18:42:13.468 [info] Got 1 sessions for ...
2026-08-13 18:42:13.470 [info] Getting sessions for all scopes...
2026-08-13 18:42:13.470 [info] Got 1 sessions for ...
2026-08-13 18:42:13.806 [info] Getting sessions for all scopes...
2026-08-13 18:42:13.806 [info] Got 1 sessions for ...
2026-08-13 18:42:19.085 [info] Getting sessions for all scopes...
2026-08-13 18:42:19.085 [info] Got 1 sessions for ...
2026-08-13 18:42:19.119 [info] Getting sessions for all scopes...
2026-08-13 18:42:19.119 [info] Got 1 sessions for ...
2026-08-13 18:42:19.169 [info] Getting sessions for all scopes...
2026-08-13 18:42:19.169 [info] Got 1 sessions for ...
2026-08-13 18:42:19.206 [info] Getting sessions for all scopes...
2026-08-13 18:42:19.206 [info] Got 1 sessions for ...
2026-08-13 18:42:19.208 [info] Getting sessions for all scopes...
2026-08-13 18:42:19.209 [info] Got 1 sessions for ...
2026-08-13 18:42:19.230 [info] Getting sessions for all scopes...
2026-08-13 18:42:19.230 [info] Got 1 sessions for ...
2026-08-13 18:42:19.761 [info] Getting sessions for all scopes...
2026-08-13 18:42:19.761 [info] Got 1 sessions for ...
2026-08-13 18:42:19.761 [info] Getting sessions for all scopes...
2026-08-13 18:42:19.761 [info] Got 1 sessions for ...
2026-08-13 18:42:19.830 [info] Getting sessions for all scopes...
2026-08-13 18:42:19.830 [info] Got 1 sessions for ...
2026-08-13 18:42:19.856 [info] Getting sessions for all scopes...
2026-08-13 18:42:19.856 [info] Got 1 sessions for ...
2026-08-13 18:42:20.000 [info] Getting sessions for read:user,repo,user:email,workflow...
2026-08-13 18:42:20.000 [info] Got 1 sessions for read:user,repo,user:email,workflow...
2026-08-13 18:42:21.241 [info] Getting sessions for all scopes...
2026-08-13 18:42:21.241 [info] Got 1 sessions for ...
2026-08-13 18:42:21.245 [info] Getting sessions for all scopes...
2026-08-13 18:42:21.245 [info] Got 1 sessions for ...
2026-08-13 18:42:21.245 [info] Getting sessions for all scopes...
2026-08-13 18:42:21.245 [info] Got 1 sessions for ...
2026-08-13 18:42:21.254 [info] Getting sessions for all scopes...
2026-08-13 18:42:21.254 [info] Got 1 sessions for ...
2026-08-13 18:42:21.268 [info] Getting sessions for read:user,repo,user:email,workflow...
2026-08-13 18:42:21.268 [info] Got 1 sessions for read:user,repo,user:email,workflow...
2026-08-13 18:42:21.774 [info] Getting sessions for all scopes...
2026-08-13 18:42:21.774 [info] Got 1 sessions for ...
2026-08-13 18:42:21.783 [info] Getting sessions for read:user,repo,user:email,workflow...
2026-08-13 18:42:21.783 [info] Got 1 sessions for read:user,repo,user:email,workflow...
2026-08-13 18:42:22.348 [info] Getting sessions for all scopes...
2026-08-13 18:42:22.348 [info] Got 1 sessions for ...
2026-08-13 18:42:22.363 [info] Getting sessions for read:user,repo,user:email,workflow...
2026-08-13 18:42:22.363 [info] Got 1 sessions for read:user,repo,user:email,workflow...
